../Drivers/CMSIS/Include/core_cm4.h:2064:26:ITM_SendChar	16	static,ignoring_inline_asm
../Core/Src/main.c:80:5:main	8	static
../Core/Src/main.c:162:6:SystemClock_Config	88	static
../Core/Src/main.c:209:13:MX_USART3_UART_Init	8	static
../Core/Src/main.c:242:13:MX_USB_OTG_FS_PCD_Init	8	static
../Core/Src/main.c:277:13:MX_GPIO_Init	56	static
../Core/Src/main.c:333:6:Task_action	16	static
../Core/Src/main.c:349:6:StartDefaultTask	16	static
../Core/Src/main.c:371:6:HAL_TIM_PeriodElapsedCallback	16	static
../Core/Src/main.c:388:6:Error_Handler	4	static,ignoring_inline_asm
