01:06:29 **** Build of configuration Debug for project RTOS_2 ****
make -j16 all 
arm-none-eabi-gcc "../Core/Src/main.c" -mcpu=cortex-m4 -std=gnu11 -g3 -DDEBUG -DUSE_HAL_DRIVER -DSTM32F446xx -c -I../Core/Inc -I../Drivers/STM32F4xx_HAL_Driver/Inc -I../Drivers/STM32F4xx_HAL_Driver/Inc/Legacy -I../Drivers/CMSIS/Device/ST/STM32F4xx/Include -I../Drivers/CMSIS/Include -I../Middlewares/Third_Party/FreeRTOS/Source/include -I../Middlewares/Third_Party/FreeRTOS/Source/CMSIS_RTOS -I../Middlewares/Third_Party/FreeRTOS/Source/portable/GCC/ARM_CM4F -O0 -ffunction-sections -fdata-sections -Wall -fstack-usage -fcyclomatic-complexity -MMD -MP -MF"Core/Src/main.d" -MT"Core/Src/main.o" --specs=nano.specs -mfpu=fpv4-sp-d16 -mfloat-abi=hard -mthumb -o "Core/Src/main.o"
../Core/Src/main.c: In function 'StartDefaultTask':
../Core/Src/main.c:348:3: warning: implicit declaration of function 'printf' [-Wimplicit-function-declaration]
  348 |   printf("\n\nCore=%d, %d MHz\n", SystemCoreClock, SystemCoreClock / 1000000);
      |   ^~~~~~
../Core/Src/main.c:22:1: note: include '<stdio.h>' or provide a declaration of 'printf'
   21 | #include "cmsis_os.h"
  +++ |+#include <stdio.h>
   22 | 
../Core/Src/main.c:348:3: warning: incompatible implicit declaration of built-in function 'printf' [-Wbuiltin-declaration-mismatch]
  348 |   printf("\n\nCore=%d, %d MHz\n", SystemCoreClock, SystemCoreClock / 1000000);
      |   ^~~~~~
../Core/Src/main.c:348:3: note: include '<stdio.h>' or provide a declaration of 'printf'
../Core/Src/main.c:348:21: warning: format '%d' expects argument of type 'int', but argument 2 has type 'uint32_t' {aka 'long unsigned int'} [-Wformat=]
  348 |   printf("\n\nCore=%d, %d MHz\n", SystemCoreClock, SystemCoreClock / 1000000);
      |                    ~^             ~~~~~~~~~~~~~~~
      |                     |             |
      |                     int           uint32_t {aka long unsigned int}
      |                    %ld
../Core/Src/main.c:348:25: warning: format '%d' expects argument of type 'int', but argument 3 has type 'long unsigned int' [-Wformat=]
  348 |   printf("\n\nCore=%d, %d MHz\n", SystemCoreClock, SystemCoreClock / 1000000);
      |                        ~^                          ~~~~~~~~~~~~~~~~~~~~~~~~~
      |                         |                                          |
      |                         int                                        long unsigned int
      |                        %ld
arm-none-eabi-gcc -o "RTOS_2.elf" @"objects.list"   -mcpu=cortex-m4 -T"C:\Users\DaehwanKim\STM32CubeIDE\workspace_1.15.1\RTOS_2\STM32F446ZETX_FLASH.ld" --specs=nosys.specs -Wl,-Map="RTOS_2.map" -Wl,--gc-sections -static --specs=nano.specs -mfpu=fpv4-sp-d16 -mfloat-abi=hard -mthumb -Wl,--start-group -lc -lm -Wl,--end-group
Finished building target: RTOS_2.elf
 
arm-none-eabi-size  RTOS_2.elf 
arm-none-eabi-objdump -h -S RTOS_2.elf  > "RTOS_2.list"
   text	   data	    bss	    dec	    hex	filename
  20432	     96	  19664	  40192	   9d00	RTOS_2.elf
Finished building: default.size.stdout
 
Finished building: RTOS_2.list
 

01:06:30 Build Finished. 0 errors, 4 warnings. (took 1s.520ms)

